Colonne id_langue ajout├®e ├á la table users
Colonne id_langue ajout├®e ├á la table users
Colonne id_langue ajout├®e ├á la table users
Colonne id_langue ajout├®e ├á la table users

   FAIL  Tests\Feature\Auth\AuthenticationTest
  Ô¿» login screen can be rendered
  Ô¿» users can authenticate using the login screen
  Ô¿» users can not authenticate with invalid password
  Ô¿» users can logout
  ÔöÇÔöÇÔöÇÔöÇÔöÇÔöÇÔöÇÔöÇÔöÇÔöÇÔöÇÔöÇÔöÇÔöÇÔöÇÔöÇÔöÇÔöÇÔöÇ  
  ÔÇª   QueryException   
  SQLSTATE[HY000]: General error: 1 table contenus_temp has 16 columns but 15 values were supplied (Connection: sqlite, SQL: INSERT INTO contenus_temp SELECT * FROM contenus)

  at vendor\laravel\framework\src\Illuminate\Database\Connection.php:824
    820Ôûò                     $this->getName(), $query, $this->prepareBindings($bindings), $e
    821Ôûò                 );
    822Ôûò             }
    823Ôûò 
  Ô×£ 824Ôûò             throw new QueryException(
    825Ôûò                 $this->getName(), $query, $this->prepareBindings($bindings), $e
    826Ôûò             );
    827Ôûò         }
    828Ôûò     }

  1   vendor\laravel\framework\src\Illuminate\Database\Connection.php:824

  2   vendor\laravel\framework\src\Illuminate\Database\Connection.php:564
      NunoMaduro\Collision\Exceptions\TestException::("SQLSTATE[HY000]: General error: 1 table contenus_temp has 16 columns but 15 values were supplied")

  ÔöÇÔöÇÔöÇÔöÇÔöÇÔöÇÔöÇÔöÇÔöÇÔöÇÔöÇÔöÇÔöÇÔöÇÔöÇÔöÇÔöÇÔöÇÔöÇ  
  ÔÇª   QueryException   
  SQLSTATE[HY000]: General error: 1 table contenus_temp has 16 columns but 15 values were supplied (Connection: sqlite, SQL: INSERT INTO contenus_temp SELECT * FROM contenus)

  at vendor\laravel\framework\src\Illuminate\Database\Connection.php:824
    820Ôûò                     $this->getName(), $query, $this->prepareBindings($bindings), $e
    821Ôûò                 );
    822Ôûò             }
    823Ôûò 
  Ô×£ 824Ôûò             throw new QueryException(
    825Ôûò                 $this->getName(), $query, $this->prepareBindings($bindings), $e
    826Ôûò             );
    827Ôûò         }
    828Ôûò     }

  1   vendor\laravel\framework\src\Illuminate\Database\Connection.php:824

  2   vendor\laravel\framework\src\Illuminate\Database\Connection.php:564
      NunoMaduro\Collision\Exceptions\TestException::("SQLSTATE[HY000]: General error: 1 table contenus_temp has 16 columns but 15 values were supplied")

  ÔöÇÔöÇÔöÇÔöÇÔöÇÔöÇÔöÇÔöÇÔöÇÔöÇÔöÇÔöÇÔöÇÔöÇÔöÇÔöÇÔöÇÔöÇÔöÇ  
  ÔÇª   QueryException   
  SQLSTATE[HY000]: General error: 1 table contenus_temp has 16 columns but 15 values were supplied (Connection: sqlite, SQL: INSERT INTO contenus_temp SELECT * FROM contenus)

  at vendor\laravel\framework\src\Illuminate\Database\Connection.php:824
    820Ôûò                     $this->getName(), $query, $this->prepareBindings($bindings), $e
    821Ôûò                 );
    822Ôûò             }
    823Ôûò 
  Ô×£ 824Ôûò             throw new QueryException(
    825Ôûò                 $this->getName(), $query, $this->prepareBindings($bindings), $e
    826Ôûò             );
    827Ôûò         }
    828Ôûò     }

  1   vendor\laravel\framework\src\Illuminate\Database\Connection.php:824

  2   vendor\laravel\framework\src\Illuminate\Database\Connection.php:564
      NunoMaduro\Collision\Exceptions\TestException::("SQLSTATE[HY000]: General error: 1 table contenus_temp has 16 columns but 15 values were supplied")

  ÔöÇÔöÇÔöÇÔöÇÔöÇÔöÇÔöÇÔöÇÔöÇÔöÇÔöÇÔöÇÔöÇÔöÇÔöÇÔöÇÔöÇÔöÇÔöÇ  
  ÔÇª   QueryException   
  SQLSTATE[HY000]: General error: 1 table contenus_temp has 16 columns but 15 values were supplied (Connection: sqlite, SQL: INSERT INTO contenus_temp SELECT * FROM contenus)

  at vendor\laravel\framework\src\Illuminate\Database\Connection.php:824
    820Ôûò                     $this->getName(), $query, $this->prepareBindings($bindings), $e
    821Ôûò                 );
    822Ôûò             }
    823Ôûò 
  Ô×£ 824Ôûò             throw new QueryException(
    825Ôûò                 $this->getName(), $query, $this->prepareBindings($bindings), $e
    826Ôûò             );
    827Ôûò         }
    828Ôûò     }

  1   vendor\laravel\framework\src\Illuminate\Database\Connection.php:824

  2   vendor\laravel\framework\src\Illuminate\Database\Connection.php:564
      NunoMaduro\Collision\Exceptions\TestException::("SQLSTATE[HY000]: General error: 1 table contenus_temp has 16 columns but 15 values were supplied")


  Tests:    4 failed (0 assertions)
  Duration: 1.75s

